Not Found: /favicon.ico
Not Found: /favicon.ico
Not Found: /favicon.ico
Not Found: /favicon.ico
Not Found: /favicon.ico
Not Found: /favicon.ico
Not Found: /robots.txt
Not Found: /favicon.ico
Not Found: /favicon.ico
Not Found: /robots.txt
Not Found: /wp-login.php
Not Found: /wordpress/
Not Found: /favicon.ico
Not Found: /favicon.ico
Not Found: /favicon.ico
Not Found: /favicon.ico
Not Found: /robots.txt
Forbidden (Referer checking failed - no Referer.): /
Not Found: /.env.local
Not Found: /.env.production
Not Found: /.env.staging
Not Found: /.env.development
Not Found: /.env.test
Not Found: /.env.remote
Not Found: /.env.bak
Not Found: /.env.backup
Not Found: /.env.save
Not Found: /.env.old
Not Found: /.env.sample
Not Found: /.env.example
Not Found: /.env.dev
Not Found: /.env.prod
Not Found: /.env.stage
Not Found: /.env.ci
Not Found: /.env.docker
Not Found: /.env.live
Not Found: /.env.preprod
Not Found: /.env.uat
Not Found: /.env.dist
Not Found: /.env.swp
Not Found: /.env~
Not Found: /.env1
Not Found: /.env2
Not Found: /.env_copy
Not Found: /.env.txt
Not Found: /.env.json
Not Found: /.env.yaml
Not Found: /.env.yml
Not Found: /.env.backup1
Not Found: /.env.backup2
Not Found: /phpinfo.php
Not Found: /info.php
Not Found: /php.php
Not Found: /i.php
Not Found: /pi.php
Not Found: /pinfo.php
Not Found: /test.php
Not Found: /phpinfo
Not Found: /p.php
Not Found: /debug.php
Not Found: /test/phpinfo.php
Not Found: /dev/phpinfo.php
Not Found: /old/phpinfo.php
Not Found: /tmp/phpinfo.php
Not Found: /public/phpinfo.php
Not Found: /info
Not Found: /php-info.php
Not Found: /phpversion.php
Not Found: /_phpinfo.php
Not Found: /old_phpinfo.php
Not Found: /server-info.php
Not Found: /server-status.php
Not Found: /_profiler/phpinfo
Not Found: /_environment
Not Found: /webroot/index.php/_environment
Not Found: /mail/phpinfo.php
Not Found: /cpanel/phpinfo.php
Not Found: /hosting/phpinfo.php
Not Found: /smtp/phpinfo.php
Not Found: /phpinfo.php.bak
Not Found: /phpinfo.php.old
Not Found: /phpinfo.php~
Not Found: /info.php.bak
Not Found: /phpinfo.php.save
Not Found: /staging/phpinfo.php
Not Found: /beta/phpinfo.php
Not Found: /uat/phpinfo.php
Not Found: /qa/phpinfo.php
Not Found: /preview/phpinfo.php
Not Found: /www/phpinfo.php
Not Found: /htdocs/phpinfo.php
Not Found: /public_html/phpinfo.php
Not Found: /site/phpinfo.php
Not Found: /docs/phpinfo.php
Not Found: /wp-admin/phpinfo.php
Not Found: /administrator/phpinfo.php
Not Found: /core/phpinfo.php
Not Found: /includes/phpinfo.php
Not Found: /favicon.ico
Not Found: /favicon.ico
Not Found: /static/images/bg-digital.png
Not Found: /favicon.ico
Not Found: /favicon.ico
Not Found: /favicon.ico
Not Found: /favicon.ico
Not Found: /favicon.ico
Not Found: /favicon.ico
Not Found: /favicon.ico
Not Found: /favicon.ico
Not Found: /favicon.ico
Not Found: /favicon.ico
Not Found: /favicon.ico
Not Found: /favicon.ico
Not Found: /favicon.ico
Not Found: /favicon.ico
Not Found: /favicon.ico
Not Found: /favicon.ico
Not Found: /favicon.ico
Not Found: /favicon.ico
Not Found: /favicon.ico
Not Found: /favicon.ico
Not Found: /favicon.ico
Not Found: /favicon.ico
Not Found: /favicon.ico
Not Found: /favicon.ico
Not Found: /favicon.ico
Not Found: /favicon.ico
Not Found: /favicon.ico
Not Found: /favicon.ico
Not Found: /favicon.ico
Not Found: /favicon.ico
Not Found: /favicon.ico
Not Found: /favicon.ico
Not Found: /robots.txt
Not Found: /favicon.ico
Not Found: /favicon.ico
Not Found: /favicon.ico
[UID:1788][2169967] Reached max children process limit: 6, extra: 2, current: 8, busy: 7, please increase LSAPI_CHILDREN.
OSError: LSAPI: File error
OSError: LSAPI: File error
OSError: LSAPI: File error
OSError: LSAPI: File error
OSError: LSAPI: File error
Not Found: /favicon.ico
Not Found: /static/img/carousel-2.jpg
Not Found: /static/img/carousel-1.jpg
Not Found: /favicon.ico
Not Found: /static/img/carousel-2.jpg
Not Found: /static/img/carousel-1.jpg
Not Found: /static/img/carousel-3.jpg
Not Found: /favicon.ico
Not Found: /static/img/bg-digital.png
Not Found: /static/img/bg-engineering.jpg
Not Found: /static/img/bg-innovation.jpg
Not Found: /favicon.ico
Not Found: /static/img/bg-engineering.jpg
Not Found: /static/img/bg-digital.png
Not Found: /static/img/bg-innovation.jpg
Not Found: /favicon.ico
Not Found: /favicon.ico
Not Found: /favicon.ico
Not Found: /favicon.ico
Not Found: /favicon.ico
Not Found: /favicon.ico
Not Found: /favicon.ico
Not Found: /favicon.ico
Not Found: /favicon.ico
Not Found: /favicon.ico
Not Found: /favicon.ico
Not Found: /favicon.ico
Not Found: /favicon.ico
Not Found: /favicon.ico
Not Found: /favicon.ico
Not Found: /favicon.ico
Not Found: /favicon.ico
Not Found: /favicon.ico
[UID:1788][2256012] Child process with pid: 2256206 was killed by signal: 15, core dumped: no
[UID:1788][2256012] Child process with pid: 2256052 was killed by signal: 15, core dumped: no
[UID:1788][2256012] Child process with pid: 2256053 was killed by signal: 15, core dumped: no
[UID:1788][2256012] Child process with pid: 2256035 was killed by signal: 15, core dumped: no
[UID:1788][2256012] Child process with pid: 2256051 was killed by signal: 15, core dumped: no
OSError: LSAPI: File error
Not Found: /favicon.ico
[UID:1788][2256012] Child process with pid: 2256228 was killed by signal: 15, core dumped: no
Not Found: /favicon.ico
Not Found: /favicon.ico
Not Found: /favicon.ico
[UID:1788][2262460] Child process with pid: 2262485 was killed by signal: 15, core dumped: no
[UID:1788][2262460] Child process with pid: 2262486 was killed by signal: 15, core dumped: no
[UID:1788][2262460] Child process with pid: 2262488 was killed by signal: 15, core dumped: no
Not Found: /favicon.ico
Not Found: /favicon.ico
Not Found: /favicon.ico
OSError: LSAPI: File error
OSError: LSAPI: File error
Not Found: /favicon.ico
Not Found: /favicon.ico
Not Found: /favicon.ico
Not Found: /favicon.ico
Not Found: /favicon.ico
Not Found: /favicon.ico
Not Found: /favicon.ico
Not Found: /favicon.ico
Not Found: /favicon.ico
Not Found: /favicon.ico
Not Found: /favicon.ico
Not Found: /favicon.ico
[UID:1788][2352739] Reached max children process limit: 6, extra: 2, current: 8, busy: 7, please increase LSAPI_CHILDREN.
[UID:1788][2352739] Reached max children process limit: 6, extra: 2, current: 8, busy: 8, please increase LSAPI_CHILDREN.
[UID:1788][2352739] Reached max children process limit: 6, extra: 2, current: 8, busy: 8, please increase LSAPI_CHILDREN.
[UID:1788][2352739] Reached max children process limit: 6, extra: 2, current: 8, busy: 8, please increase LSAPI_CHILDREN.
[UID:1788][2352739] Reached max children process limit: 6, extra: 2, current: 8, busy: 8, please increase LSAPI_CHILDREN.
[UID:1788][2352739] Reached max children process limit: 6, extra: 2, current: 8, busy: 8, please increase LSAPI_CHILDREN.
[UID:1788][2352739] Reached max children process limit: 6, extra: 2, current: 8, busy: 8, please increase LSAPI_CHILDREN.
[UID:1788][2352739] Reached max children process limit: 6, extra: 2, current: 8, busy: 8, please increase LSAPI_CHILDREN.
[UID:1788][2352739] Reached max children process limit: 6, extra: 2, current: 8, busy: 8, please increase LSAPI_CHILDREN.
[UID:1788][2352739] Reached max children process limit: 6, extra: 2, current: 8, busy: 8, please increase LSAPI_CHILDREN.
[UID:1788][2352739] Reached max children process limit: 6, extra: 2, current: 8, busy: 8, please increase LSAPI_CHILDREN.
[UID:1788][2352739] Reached max children process limit: 6, extra: 2, current: 8, busy: 8, please increase LSAPI_CHILDREN.
[UID:1788][2352739] Reached max children process limit: 6, extra: 2, current: 8, busy: 8, please increase LSAPI_CHILDREN.
[UID:1788][2352739] Reached max children process limit: 6, extra: 2, current: 8, busy: 8, please increase LSAPI_CHILDREN.
Not Found: /favicon.ico
Not Found: /favicon.ico
Not Found: /favicon.ico
Not Found: /favicon.ico
Not Found: /favicon.ico
Not Found: /favicon.ico
Not Found: /favicon.ico
Not Found: /favicon.ico
Not Found: /favicon.ico
Not Found: /favicon.ico
Not Found: /favicon.ico
Not Found: /favicon.ico
Not Found: /favicon.ico
Not Found: /favicon.ico
Not Found: /favicon.ico
Not Found: /favicon.ico
Not Found: /favicon.ico
Not Found: /favicon.ico
Not Found: /favicon.ico
Not Found: /favicon.ico
Not Found: /favicon.ico
Not Found: /favicon.ico
Not Found: /favicon.ico
Not Found: /favicon.ico
Not Found: /favicon.ico
Not Found: /favicon.ico
Not Found: /favicon.ico
Not Found: /favicon.ico
Not Found: /favicon.ico
Not Found: /favicon.ico
Not Found: /favicon.ico
Not Found: /favicon.ico
Not Found: /favicon.ico
Not Found: /favicon.ico
Not Found: /favicon.ico
Not Found: /favicon.ico
Not Found: /favicon.ico
Not Found: /favicon.ico
Not Found: /favicon.ico
Not Found: /favicon.ico
Not Found: /favicon.ico
Not Found: /favicon.ico
Not Found: /favicon.ico
Not Found: /favicon.ico
Not Found: /favicon.ico
Not Found: /favicon.ico
Not Found: /favicon.ico
Not Found: /favicon.ico
Not Found: /favicon.ico
Not Found: /favicon.ico
Not Found: /favicon.ico
Not Found: /favicon.ico
Not Found: /favicon.ico
Not Found: /favicon.ico
Not Found: /favicon.ico
Not Found: /favicon.ico
Not Found: /favicon.ico
Not Found: /favicon.ico
Not Found: /favicon.ico
Not Found: /favicon.ico
Not Found: /favicon.ico
Not Found: /favicon.ico
Not Found: /favicon.ico
Not Found: /favicon.ico
Not Found: /favicon.ico
Not Found: /favicon.ico
Not Found: /favicon.ico
Not Found: /static/images/logos/client-12.png
Not Found: /favicon.ico
Not Found: /favicon.ico
Not Found: /static/images/logos/client-12.png
Not Found: /favicon.ico
Not Found: /favicon.ico
Not Found: /static/images/logos/client-12.png
Not Found: /favicon.ico
Not Found: /static/images/logos/client-12.png
Not Found: /favicon.ico
Not Found: /static/images/logos/client-12.png
Not Found: /favicon.ico
Not Found: /static/images/logos/client-12.png
Not Found: /favicon.ico
Not Found: /static/images/logos/client-12.png
Not Found: /favicon.ico
Not Found: /static/images/logos/client-12.png
Not Found: /favicon.ico
Not Found: /static/images/logos/client-12.png
Not Found: /favicon.ico
Not Found: /static/images/logos/client-12.png
Not Found: /static/images/logos/client-12.png
Not Found: /favicon.ico
Not Found: /static/images/logos/client-12.png
Not Found: /favicon.ico
Not Found: /static/images/logos/client-12.png
Not Found: /favicon.ico
Not Found: /favicon.ico
Not Found: /favicon.ico
Not Found: /favicon.ico
Not Found: /favicon.ico
Not Found: /favicon.ico
Not Found: /favicon.ico
Not Found: /favicon.ico
Not Found: /favicon.ico
Not Found: /static/images/logos/client-12.png
Not Found: /static/images/logos/client-12.png
Not Found: /favicon.ico
Not Found: /favicon.ico
Not Found: /favicon.ico
Not Found: /favicon.ico
Not Found: /favicon.ico
Not Found: /static/images/logos/client-12.png
Not Found: /favicon.ico
Not Found: /static/images/logos/client-12.png
Not Found: /static/images/logos/client-12.png
Not Found: /favicon.ico
Not Found: /static/images/logos/client-12.png
Not Found: /static/images/logos/client-12.png
Not Found: /static/images/logos/client-12.png
Not Found: /favicon.ico
Not Found: /static/images/logos/client-12.png
Not Found: /favicon.ico
Not Found: /static/images/logos/client-12.png
Not Found: /static/images/logos/client-12.png
Not Found: /static/images/logos/client-12.png
Not Found: /favicon.ico
Not Found: /static/images/logos/client-12.png
Not Found: /static/images/logos/client-12.png
Not Found: /static/images/logos/client-12.png
Not Found: /favicon.ico
Not Found: /static/images/logos/client-12.png
Not Found: /favicon.ico
Not Found: /static/images/logos/client-12.png
Not Found: /static/images/logos/client-12.png
Not Found: /static/images/logos/client-12.png
Not Found: /favicon.ico
Not Found: /static/images/logos/client-12.png
Not Found: /favicon.ico
Not Found: /favicon.ico
Not Found: /favicon.ico
Not Found: /favicon.ico
